Corectl contains various commands to interact with the Qlik Associative Engine. See respective command for more information

Usage:
  corectl [flags]
  corectl [command]

Available Commands:
  build         Reloads and saves the app after updating connections, dimensions, measures, objects and the script
  eval          Evalutes a list of measures and dimensions
  get           Lists one or several resources
  help          Help about any command
  reload        Reloads the app.
  remove        Remove one or mores generic entities (dimensions, measures, objects) in the app
  set           Sets one or several resources
  version       Print the version of corectl

Flags:
  -h, --help      help for corectl
  -v, --verbose   Logs extra information

Use "corectl [command] --help" for more information about a command.
