Corectl contains various commands to interact with the Qlik Associative Engine. See respective command for more information

Usage:
  corectl [flags]
  corectl [command]

Available Commands:
  build         Reloads and saves the app after updating connections, dimensions, measures, objects and the script
  catwalk       Opens the specified app in catwalk
  eval          Evaluates a list of measures and dimensions
  get           Lists one or several resources
  help          Help about any command
  reload        Reloads the app.
  remove        Remove entities (connections, dimensions, measures, objects) in the app or the app itself
  set           Sets one or several resources
  version       Print the version of corectl

Flags:
  -a, --app string               App name, if no app is specified a session app is used instead.
  -c, --config string            path/to/config.yml where parameters can be set instead of on the command line
  -e, --engine string            URL to engine (default "localhost:9076")
      --headers stringToString   Headers to use when connecting to qix engine (default [])
  -h, --help                     help for corectl
  -t, --traffic                  Log JSON websocket traffic to stdout
      --ttl string               Engine session time to live in seconds (default "30")
  -v, --verbose                  Logs extra information

Use "corectl [command] --help" for more information about a command.
