No REST metadata available.
Field        Uniq/Tot   RAM   Tags                 datacsv   Sample content
a            1          11    $numeric, $integer   1/1       1   
b            1          11    $numeric, $integer   1/1       2   
c            1          11    $numeric, $integer   1/1       3   
                                                   
Total RAM               N/A                        N/A

