*** Fields ***
+-----------+----------+-----+--------------------------+--------------+----------------+
|   Field   | Uniq/Tot | RAM |           Tags           |    Tables    | Sample content |
+-----------+----------+-----+--------------------------+--------------+----------------+
| numbers   |        5 |  55 | $key, $numeric, $integer | TableA: 5/5* | 1, 2, 3, 4, 5  |
|           |          |     |                          | TableB: 5/5* |                |
|           |          |     |                          |              |                |
+-----------+----------+-----+--------------------------+--------------+----------------+
| abcs      | 3/5      |  21 | $ascii, $text            | TableA: 3/5  | b(3x), a, c    |
|           |          |     |                          |              |                |
+-----------+----------+-----+--------------------------+--------------+----------------+
| xyz       | 3/5      |  21 | $ascii, $text            | TableB: 3/5  | y(3x), x, z    |
|           |          |     |                          |              |                |
+-----------+----------+-----+--------------------------+--------------+----------------+
| Total RAM |    -     | 279 |            -             |      -       |       -        |
+-----------+----------+-----+--------------------------+--------------+----------------+

*** Tables ***
+--------+-----------+-----+---------------+
|  Name  | Row count | RAM |    Fields     |
+--------+-----------+-----+---------------+
| TableA |         5 |  18 | numbers, abcs |
+--------+-----------+-----+---------------+
| TableB |         5 |  18 | numbers, xyz  |
+--------+-----------+-----+---------------+
|          Total RAM | 279 |                
+--------+-----------+-----+---------------+

*** Associations ***
+----------+--------------------+
| Field(s) |   Linked tables    |
+----------+--------------------+
| numbers  | TableA <--> TableB |
+----------+--------------------+
