+--------------------------------+--------------+-------+
|               ID               |     Type     | Title |
+--------------------------------+--------------+-------+
| object-using-dims-and-measures | my-hypercube |       |
| object-using-inline            | my-hypercube |       |
+--------------------------------+--------------+-------+
