{
  "qInfo": {
    "qId": "bookmark-2",
    "qType": "bookmark"
  },
  "qMeta": {
    "privileges": [
      "read",
      "update",
      "delete",
      "exportdata"
    ],
    "title": "Håkan #2",
    "description": "Håkans andra bokmärke!"
  },
  "qBookmark": {
    "qStateData": [
      {
        "qStateName": "$",
        "qFieldItems": []
      }
    ],
    "qUtcModifyTime": <filtered for gold shininess>
    "qVariableItems": []
  },
  "qFieldInfos": []
}
