<-- {"jsonrpc":"2.0","method":"OnConnected","params":{"qSessionState":"SESSION_CREATED"}}
--> {"jsonrpc":"2.0","delta":false,"method":"GetActiveDoc","handle":-1,"id":1,"params":[]}
<-- {"jsonrpc":"2.0","id":1,"error":{"code":1007,"parameter":"No active document","message":"App invalid"}}
--> {"jsonrpc":"2.0","delta":false,"method":"OpenDoc","handle":-1,"id":2,"params":["/apps/TestTrafficFlag.qvf","","","",false]}
<-- {"jsonrpc":"2.0","id":2,"result":{"qReturn":{"qType":"Doc","qHandle":1,"qGenericId":"/apps/TestTrafficFlag.qvf"}},"change":[1],"warnings":[1]}
--> {"jsonrpc":"2.0","delta":false,"method":"GetScript","handle":1,"id":3,"params":[]}
<-- {"jsonrpc":"2.0","id":3,"result":{"qScript":"///$tab Main\r\nSET ThousandSep=',';\r\nSET DecimalSep='.';\r\nSET MoneyThousandSep=',';\r\nSET MoneyDecimalSep='.';\r\nSET MoneyFormat='$ ###0.00;-$ ###0.00';\r\nSET TimeFormat='h:mm:ss TT';\r\nSET DateFormat='M/D/YYYY';\r\nSET TimestampFormat='M/D/YYYY h:mm:ss[.fff] TT';\r\nSET FirstWeekDay=6;\r\nSET BrokenWeeks=1;\r\nSET ReferenceDay=0;\r\nSET FirstMonthOfYear=1;\r\nSET CollationLocale='en-US';\r\nSET CreateSearchIndexOnReload=1;\r\nSET MonthNames='Jan;Feb;Mar;Apr;May;Jun;Jul;Aug;Sep;Oct;Nov;Dec';\r\nSET LongMonthNames='January;February;March;April;May;June;July;August;September;October;November;December';\r\nSET DayNames='Mon;Tue;Wed;Thu;Fri;Sat;Sun';\r\nSET LongDayNames='Monday;Tuesday;Wednesday;Thursday;Friday;Saturday;Sunday';\r\nSET NumericalAbbreviation='3:k;6:M;9:G;12:T;15:P;18:E;21:Z;24:Y;-3:m;-6:μ;-9:n;-12:p;-15:f;-18:a;-21:z;-24:y';\r\n"}}
///$tab Main
SET ThousandSep=',';
SET DecimalSep='.';
SET MoneyThousandSep=',';
SET MoneyDecimalSep='.';
SET MoneyFormat='$ ###0.00;-$ ###0.00';
SET TimeFormat='h:mm:ss TT';
SET DateFormat='M/D/YYYY';
SET TimestampFormat='M/D/YYYY h:mm:ss[.fff] TT';
SET FirstWeekDay=6;
SET BrokenWeeks=1;
SET ReferenceDay=0;
SET FirstMonthOfYear=1;
SET CollationLocale='en-US';
SET CreateSearchIndexOnReload=1;
SET MonthNames='Jan;Feb;Mar;Apr;May;Jun;Jul;Aug;Sep;Oct;Nov;Dec';
SET LongMonthNames='January;February;March;April;May;June;July;August;September;October;November;December';
SET DayNames='Mon;Tue;Wed;Thu;Fri;Sat;Sun';
SET LongDayNames='Monday;Tuesday;Wednesday;Thursday;Friday;Saturday;Sunday';
SET NumericalAbbreviation='3:k;6:M;9:G;12:T;15:P;18:E;21:Z;24:Y;-3:m;-6:μ;-9:n;-12:p;-15:f;-18:a;-21:z;-24:y';

