<-- {"jsonrpc":"2.0","method":"OnConnected","params":{"qSessionState":"SESSION_CREATED"}}
--> {"jsonrpc":"2.0","delta":false,"method":"GetActiveDoc","handle":-1,"id":1,"params":[]}
<-- {"jsonrpc":"2.0","id":1,"error":{"code":1007,"parameter":"No active document","message":"App invalid"}}
--> {"jsonrpc":"2.0","delta":false,"method":"OpenDoc","handle":-1,"id":2,"params":["/apps/corectl_test_app.qvf","","","",false]}
<-- {"jsonrpc":"2.0","id":2,"result":{"qReturn":{"qType":"Doc","qHandle":1,"qGenericId":"/apps/corectl_test_app.qvf"}},"change":[1]}
--> {"jsonrpc":"2.0","delta":false,"method":"SetScript","handle":1,"id":3,"params":["LIB CONNECT TO myconnection;\n\nTableA:\nSELECT A;\n"]}
<-- {"jsonrpc":"2.0","id":3,"result":{}}
Saving app... --> {"jsonrpc":"2.0","delta":false,"method":"DoSave","handle":1,"id":4,"params":[""]}
<-- {"jsonrpc":"2.0","id":4,"result":{},"change":[1]}
Done

