{
  "qInfo": {
    "qId": "measure-sum-numbers",
    "qType": "measure"
  },
  "qMeasure": {
    "qDef": "Sum(numbers)",
    "qGrouping": "N",
    "qExpressions": [],
    "qActiveExpression": 0,
    "title": "Sum of numbers",
    "title": "Sum of numbers"
  },
  "qMeta": {
    "privileges": [
      "read",
      "update",
      "delete",
      "exportdata"
    ]
  }
}
