{
  "$schema": "https://core.qlik.com/json-schema/generic-object.json",
  "qHyperCubeDef": {
    "customProperty": "should be filtered by the minimum flag",
    "qCalcCond": {},
    "qCalcCondition": {
      "qCond": {},
      "qMsg": {}
    },
    "qColumnOrder": [],
    "qDimensions": [
      {
        "qAttributeDimensions": [],
        "qAttributeExpressions": [],
        "qCalcCond": {},
        "qCalcCondition": {
          "qCond": {},
          "qMsg": {}
        },
        "qDef": {
          "qActiveField": 0,
          "qFieldDefs": [
            "xyz"
          ],
          "qFieldLabels": [],
          "qGrouping": "N",
          "qNumberPresentations": [],
          "qSortCriterias": []
        },
        "qOtherLabel": {},
        "qOtherTotalSpec": {
          "qApplyEvenWhenPossiblyWrongResult": true,
          "qForceBadValueKeeping": true,
          "qOtherCounted": {},
          "qOtherLimit": {},
          "qOtherLimitMode": "OTHER_GT_LIMIT",
          "qOtherMode": "OTHER_OFF",
          "qOtherSortMode": "OTHER_SORT_DESCENDING",
          "qReferencedExpression": {},
          "qTotalMode": "TOTAL_OFF"
        },
        "qTotalLabel": {}
      }
    ],
    "qInitialDataFetch": [
      {
        "qHeight": 20,
        "qLeft": 0,
        "qTop": 0,
        "qWidth": 50
      }
    ],
    "qInterColumnSortOrder": [],
    "qMaxStackedCells": 5000,
    "qMeasures": [
      {
        "qAttributeDimensions": [],
        "qAttributeExpressions": [],
        "qCalcCond": {},
        "qCalcCondition": {
          "qCond": {},
          "qMsg": {}
        },
        "qDef": {
          "qAccumulate": 0,
          "qActiveExpression": 0,
          "qDef": "count(numbers)",
          "qExpressions": [],
          "qGrouping": "N",
          "qNumFormat": {
            "qType": "U",
            "qUseThou": 0,
            "qnDec": 10
          },
          "qTags": []
        },
        "qSortBy": {
          "qExpression": {},
          "qSortByFrequency": 1
        }
      }
    ],
    "qMode": "S",
    "qNoOfLeftDims": -1,
    "qPseudoDimPos": -1,
    "qReductionMode": "N",
    "qTitle": {}
  },
  "qInfo": {
    "qId": "object-using-inline",
    "qType": "my-hypercube"
  },
  "qMetaDef": {}
}
