{
  "qProperty": {
    "qInfo": {
      "qId": "a699ee97-152d-4470-9655-ae7c82d71491",
      "qType": "sheet"
    },
    "qMetaDef": {},
    "qChildListDef": {
      "qData": {
        "title": "/title"
      }
    }
  },
  "qChildren": [
    {
      "qProperty": {
        "qInfo": {
          "qId": "sZAVcpj",
          "qType": "auto-chart"
        },
        "qMetaDef": {},
        "qHyperCubeDef": {
          "qDimensions": [
            {
              "qDef": {
                "qGrouping": "N",
                "qFieldDefs": [
                  "Field_1"
                ],
                "qFieldLabels": [
                  "Field_1"
                ],
                "qSortCriterias": [
                  {
                    "qSortByState": 1,
                    "qSortByNumeric": 1,
                    "qSortByAscii": 1,
                    "qSortByLoadOrder": 1,
                    "qExpression": {}
                  }
                ]
              },
              "qOtherTotalSpec": {
                "qOtherMode": "OTHER_OFF",
                "qOtherCounted": {},
                "qOtherLimit": {},
                "qOtherLimitMode": "OTHER_GT_LIMIT",
                "qForceBadValueKeeping": true,
                "qApplyEvenWhenPossiblyWrongResult": true,
                "qOtherSortMode": "OTHER_SORT_DESCENDING",
                "qTotalMode": "TOTAL_OFF",
                "qReferencedExpression": {}
              },
              "qOtherLabel": {},
              "qTotalLabel": {},
              "qCalcCond": {},
              "qCalcCondition": {
                "qCond": {},
                "qMsg": {}
              }
            }
          ],
          "qInterColumnSortOrder": [
            0
          ],
          "qSuppressMissing": true,
          "qReductionMode": "N",
          "qMode": "S",
          "qPseudoDimPos": -1,
          "qNoOfLeftDims": -1,
          "qMaxStackedCells": 5000,
          "qCalcCond": {},
          "qTitle": {},
          "qCalcCondition": {
            "qCond": {},
            "qMsg": {}
          }
        }
      }
    },
    {
      "qProperty": {
        "qInfo": {
          "qId": "gCCkr",
          "qType": "auto-chart"
        },
        "qMetaDef": {},
        "qHyperCubeDef": {
          "qDimensions": [
            {
              "qLibraryId": "TYDsdh",
              "qDef": {
                "qGrouping": "N"
              },
              "qOtherTotalSpec": {
                "qOtherMode": "OTHER_OFF",
                "qOtherCounted": {},
                "qOtherLimit": {},
                "qOtherLimitMode": "OTHER_GT_LIMIT",
                "qForceBadValueKeeping": true,
                "qApplyEvenWhenPossiblyWrongResult": true,
                "qOtherSortMode": "OTHER_SORT_DESCENDING",
                "qTotalMode": "TOTAL_OFF",
                "qReferencedExpression": {}
              },
              "qOtherLabel": {},
              "qTotalLabel": {},
              "qCalcCond": {},
              "qCalcCondition": {
                "qCond": {},
                "qMsg": {}
              }
            }
          ],
          "qInterColumnSortOrder": [
            0
          ],
          "qSuppressMissing": true,
          "qReductionMode": "N",
          "qMode": "S",
          "qPseudoDimPos": -1,
          "qNoOfLeftDims": -1,
          "qMaxStackedCells": 5000,
          "qCalcCond": {},
          "qTitle": {},
          "qCalcCondition": {
            "qCond": {},
            "qMsg": {}
          }
        }
      }
    }
  ]
}
