{
  "$schema": "https://core.qlik.com/json-schema/generic-variable.json",
  "qComment": "First three letters of the alphabet",
  "qDefinition": "1",
  "qInfo": {
    "qId": "variable-abc",
    "qType": "variable"
  },
  "qMetaDef": {},
  "qName": "variable-abc",
  "qNumberPresentation": {
    "qType": "U",
    "qUseThou": 0,
    "qnDec": 10
  },
  "tags": []
}
